// Jest Snapshot v1, https://goo.gl/fbAQLP

exports[`Week should be equal to snapshot 1`] = `
<tr>
  <td
    className="weekNum"
  >
    1
  </td>
  <td
    className="inactive"
  >
    1
  </td>
</tr>
`;
