// Jest Snapshot v1, https://goo.gl/fbAQLP

exports[`Day should be equal to snapshot 1`] = `
<td
  className="type"
>
  1
</td>
`;
